page screen offset (2, 4)
   3.0s  blank
  62.6s  sky
  75.3s  sun
Traceback (most recent call last):
  File "/Users/matthewmacosko/Desktop/PROJECTS/MattPaint/demo/paint_real.py", line 427, in <module>
    asyncio.run(main())
    ~~~~~~~~~~~^^^^^^^^
  File "/opt/homebrew/Cellar/python@3.14/3.14.5/Frameworks/Python.framework/Versions/3.14/lib/python3.14/asyncio/runners.py", line 204, in run
    return runner.run(main)
           ~~~~~~~~~~^^^^^^
  File "/opt/homebrew/Cellar/python@3.14/3.14.5/Frameworks/Python.framework/Versions/3.14/lib/python3.14/asyncio/runners.py", line 127, in run
    return self._loop.run_until_complete(task)
           ~~~~~~~~~~~~~~~~~~~~~~~~~~~~~^^^^^^
  File "/opt/homebrew/Cellar/python@3.14/3.14.5/Frameworks/Python.framework/Versions/3.14/lib/python3.14/asyncio/base_events.py", line 719, in run_until_complete
    return future.result()
           ~~~~~~~~~~~~~^^
  File "/Users/matthewmacosko/Desktop/PROJECTS/MattPaint/demo/paint_real.py", line 420, in main
    await paint()
  File "/Users/matthewmacosko/Desktop/PROJECTS/MattPaint/demo/paint_real.py", line 274, in paint
    await brush('watercolor'); await size(8)
    ^^^^^^^^^^^^^^^^^^^^^^^^^
  File "/Users/matthewmacosko/Desktop/PROJECTS/MattPaint/demo/paint_real.py", line 131, in brush
    await click('#btn-brushes'); await click(f'[data-brush="{kind}"]')
                                 ^^^^^^^^^^^^^^^^^^^^^^^^^^^^^^^^^^^^^
  File "/Users/matthewmacosko/Desktop/PROJECTS/MattPaint/demo/paint_real.py", line 95, in click
    el = await page.wait_for_selector(sel, state="visible", timeout=5000)
         ^^^^^^^^^^^^^^^^^^^^^^^^^^^^^^^^^^^^^^^^^^^^^^^^^^^^^^^^^^^^^^^^
  File "/opt/homebrew/lib/python3.14/site-packages/playwright/async_api/_generated.py", line 8234, in wait_for_selector
    await self._impl_obj.wait_for_selector(
        selector=selector, timeout=timeout, state=state, strict=strict
    )
  File "/opt/homebrew/lib/python3.14/site-packages/playwright/_impl/_page.py", line 419, in wait_for_selector
    return await self._main_frame.wait_for_selector(**locals_to_params(locals()))
           ^^^^^^^^^^^^^^^^^^^^^^^^^^^^^^^^^^^^^^^^^^^^^^^^^^^^^^^^^^^^^^^^^^^^^^
  File "/opt/homebrew/lib/python3.14/site-packages/playwright/_impl/_frame.py", line 369, in wait_for_selector
    await self._channel.send(
        "waitForSelector", self._timeout, locals_to_params(locals())
    )
  File "/opt/homebrew/lib/python3.14/site-packages/playwright/_impl/_connection.py", line 69, in send
    return await self._connection.wrap_api_call(
           ^^^^^^^^^^^^^^^^^^^^^^^^^^^^^^^^^^^^^
    ...<3 lines>...
    )
    ^
  File "/opt/homebrew/lib/python3.14/site-packages/playwright/_impl/_connection.py", line 559, in wrap_api_call
    raise rewrite_error(error, f"{parsed_st['apiName']}: {error}") from None
playwright._impl._errors.TimeoutError: Page.wait_for_selector: Timeout 5000ms exceeded.
Call log:
  - waiting for locator("[data-brush=\"watercolor\"]") to be visible
    15 × locator resolved to hidden <button title="Watercolor" data-brush="watercolor" class="brush-btn active">…</button>

